	"by" : "malay",
	"url" : "blogpost.com/malay",
	"tags" : [
		"Mongo1",
		"database",
		"NoSql",
		"PL1",
		"TE"
	],
	"likes" : 204,
	"comments" : [
		{
			"user1" : "varun",
			"msg" : "nice post",
			"date" : ISODate("2015-08-29T00:30:00Z"),
			"likes" : 4
		},
		{
			"user2" : "karan",
			"msg" : "best post",
			"date" : ISODate("2015-08-29T00:30:00Z"),
			"likes" : 11
		}
	]
}
> db.post.update({"title":"BlogPost"},{$inc:{hits:1}},{upsert:true})
WriteResult({ "nMatched" : 1, "nUpserted" : 0, "nModified" : 1 })
> db.hits.find().pretty();
> db.post.find().pretty();
{
	"_id" : ObjectId("55b86a6eb406814d0d61c6e3"),
	"title" : "BlogPost",
	"description" : "Blog Page",
	"by" : "naval",
	"url" : "blogpost.com/naval",
	"tags" : [
		"Mongo",
		"database",
		"NoSql"
	],
	"likes" : 202,
	"comments" : [
		{
			"user1" : "naval",
			"msg" : "good post",
			"date" : ISODate("2015-08-29T00:30:00Z"),
			"likes" : 1
		}
	],
	"hits" : 2
}
{ "_id" : ObjectId("55b86be6b406814d0d61c6e4"), "likes" : 200 }
{
	"_id" : ObjectId("55b870f8b406814d0d61c6e5"),
	"title" : "BlogPost",
	"description" : "Blog Page",
	"by" : "malay",
	"url" : "blogpost.com/malay",
	"tags" : [
		"Mongo1",
		"database",
		"NoSql",
		"PL1",
		"TE"
	],
	"likes" : 204,
	"comments" : [
		{
			"user1" : "varun",
			"msg" : "nice post",
			"date" : ISODate("2015-08-29T00:30:00Z"),
			"likes" : 4
		},
		{
			"user2" : "karan",
			"msg" : "best post",
			"date" : ISODate("2015-08-29T00:30:00Z"),
			"likes" : 11
		}
	]
}
> db.post.update({"title":"BlogPost"},{$inc:{hits:1}},{upsert:true})
WriteResult({ "nMatched" : 1, "nUpserted" : 0, "nModified" : 1 })
> db.post.find().pretty();
{
	"_id" : ObjectId("55b86a6eb406814d0d61c6e3"),
	"title" : "BlogPost",
	"description" : "Blog Page",
	"by" : "naval",
	"url" : "blogpost.com/naval",
	"tags" : [
		"Mongo",
		"database",
		"NoSql"
	],
	"likes" : 202,
	"comments" : [
		{
			"user1" : "naval",
			"msg" : "good post",
			"date" : ISODate("2015-08-29T00:30:00Z"),
			"likes" : 1
		}
	],
	"hits" : 3
}
{ "_id" : ObjectId("55b86be6b406814d0d61c6e4"), "likes" : 200 }
{
	"_id" : ObjectId("55b870f8b406814d0d61c6e5"),
	"title" : "BlogPost",
	"description" : "Blog Page",
	"by" : "malay",
	"url" : "blogpost.com/malay",
	"tags" : [
		"Mongo1",
		"database",
		"NoSql",
		"PL1",
		"TE"
	],
	"likes" : 204,
	"comments" : [
		{
			"user1" : "varun",
			"msg" : "nice post",
			"date" : ISODate("2015-08-29T00:30:00Z"),
			"likes" : 4
		},
		{
			"user2" : "karan",
			"msg" : "best post",
			"date" : ISODate("2015-08-29T00:30:00Z"),
			"likes" : 11
		}
	]
}
> db.post.update({"title":"new"},{$inc:{likes:1}},{upsert:true})
WriteResult({
	"nMatched" : 0,
	"nUpserted" : 1,
	"nModified" : 0,
	"_id" : ObjectId("55b87a1f188abed287ad71fe")
})
> db.post.find().pretty();
{
	"_id" : ObjectId("55b86a6eb406814d0d61c6e3"),
	"title" : "BlogPost",
	"description" : "Blog Page",
	"by" : "naval",
	"url" : "blogpost.com/naval",
	"tags" : [
		"Mongo",
		"database",
		"NoSql"
	],
	"likes" : 202,
	"comments" : [
		{
			"user1" : "naval",
			"msg" : "good post",
			"date" : ISODate("2015-08-29T00:30:00Z"),
			"likes" : 1
		}
	],
	"hits" : 3
}
{ "_id" : ObjectId("55b86be6b406814d0d61c6e4"), "likes" : 200 }
{
	"_id" : ObjectId("55b870f8b406814d0d61c6e5"),
	"title" : "BlogPost",
	"description" : "Blog Page",
	"by" : "malay",
	"url" : "blogpost.com/malay",
	"tags" : [
		"Mongo1",
		"database",
		"NoSql",
		"PL1",
		"TE"
	],
	"likes" : 204,
	"comments" : [
		{
			"user1" : "varun",
			"msg" : "nice post",
			"date" : ISODate("2015-08-29T00:30:00Z"),
			"likes" : 4
		},
		{
			"user2" : "karan",
			"msg" : "best post",
			"date" : ISODate("2015-08-29T00:30:00Z"),
			"likes" : 11
		}
	]
}
{
	"_id" : ObjectId("55b87a1f188abed287ad71fe"),
	"title" : "new",
	"likes" : 1
}
> db.post.update({"title":"new"},{$inc:{likes:1}},{upsert:true})
WriteResult({ "nMatched" : 1, "nUpserted" : 0, "nModified" : 1 })
> db.post.find().pretty();
{
	"_id" : ObjectId("55b86a6eb406814d0d61c6e3"),
	"title" : "BlogPost",
	"description" : "Blog Page",
	"by" : "naval",
	"url" : "blogpost.com/naval",
	"tags" : [
		"Mongo",
		"database",
		"NoSql"
	],
	"likes" : 202,
	"comments" : [
		{
			"user1" : "naval",
			"msg" : "good post",
			"date" : ISODate("2015-08-29T00:30:00Z"),
			"likes" : 1
		}
	],
	"hits" : 3
}
{ "_id" : ObjectId("55b86be6b406814d0d61c6e4"), "likes" : 200 }
{
	"_id" : ObjectId("55b870f8b406814d0d61c6e5"),
	"title" : "BlogPost",
	"description" : "Blog Page",
	"by" : "malay",
	"url" : "blogpost.com/malay",
	"tags" : [
		"Mongo1",
		"database",
		"NoSql",
		"PL1",
		"TE"
	],
	"likes" : 204,
	"comments" : [
		{
			"user1" : "varun",
			"msg" : "nice post",
			"date" : ISODate("2015-08-29T00:30:00Z"),
			"likes" : 4
		},
		{
			"user2" : "karan",
			"msg" : "best post",
			"date" : ISODate("2015-08-29T00:30:00Z"),
			"likes" : 11
		}
	]
}
{
	"_id" : ObjectId("55b87a1f188abed287ad71fe"),
	"title" : "new",
	"likes" : 2
}
> db.post.update({"title":"BlogPost"},{$inc:{likes:1}},{upsert:true})
WriteResult({ "nMatched" : 1, "nUpserted" : 0, "nModified" : 1 })
> db.post.find().pretty();
{
	"_id" : ObjectId("55b86a6eb406814d0d61c6e3"),
	"title" : "BlogPost",
	"description" : "Blog Page",
	"by" : "naval",
	"url" : "blogpost.com/naval",
	"tags" : [
		"Mongo",
		"database",
		"NoSql"
	],
	"likes" : 203,
	"comments" : [
		{
			"user1" : "naval",
			"msg" : "good post",
			"date" : ISODate("2015-08-29T00:30:00Z"),
			"likes" : 1
		}
	],
	"hits" : 3
}
{ "_id" : ObjectId("55b86be6b406814d0d61c6e4"), "likes" : 200 }
{
	"_id" : ObjectId("55b870f8b406814d0d61c6e5"),
	"title" : "BlogPost",
	"description" : "Blog Page",
	"by" : "malay",
	"url" : "blogpost.com/malay",
	"tags" : [
		"Mongo1",
		"database",
		"NoSql",
		"PL1",
		"TE"
	],
	"likes" : 204,
	"comments" : [
		{
			"user1" : "varun",
			"msg" : "nice post",
			"date" : ISODate("2015-08-29T00:30:00Z"),
			"likes" : 4
		},
		{
			"user2" : "karan",
			"msg" : "best post",
			"date" : ISODate("2015-08-29T00:30:00Z"),
			"likes" : 11
		}
	]
}
{
	"_id" : ObjectId("55b87a1f188abed287ad71fe"),
	"title" : "new",
	"likes" : 2
}
> db.post.update({"title":"new"},{$inc:{likes:1}},{upsert:true})
WriteResult({ "nMatched" : 1, "nUpserted" : 0, "nModified" : 1 })
> db.post.find().pretty();
{
	"_id" : ObjectId("55b86a6eb406814d0d61c6e3"),
	"title" : "BlogPost",
	"description" : "Blog Page",
	"by" : "naval",
	"url" : "blogpost.com/naval",
	"tags" : [
		"Mongo",
		"database",
		"NoSql"
	],
	"likes" : 203,
	"comments" : [
		{
			"user1" : "naval",
			"msg" : "good post",
			"date" : ISODate("2015-08-29T00:30:00Z"),
			"likes" : 1
		}
	],
	"hits" : 3
}
{ "_id" : ObjectId("55b86be6b406814d0d61c6e4"), "likes" : 200 }
{
	"_id" : ObjectId("55b870f8b406814d0d61c6e5"),
	"title" : "BlogPost",
	"description" : "Blog Page",
	"by" : "malay",
	"url" : "blogpost.com/malay",
	"tags" : [
		"Mongo1",
		"database",
		"NoSql",
		"PL1",
		"TE"
	],
	"likes" : 204,
	"comments" : [
		{
			"user1" : "varun",
			"msg" : "nice post",
			"date" : ISODate("2015-08-29T00:30:00Z"),
			"likes" : 4
		},
		{
			"user2" : "karan",
			"msg" : "best post",
			"date" : ISODate("2015-08-29T00:30:00Z"),
			"likes" : 11
		}
	]
}
{
	"_id" : ObjectId("55b87a1f188abed287ad71fe"),
	"title" : "new",
	"likes" : 3
}
> db.post.update({title:"BlogPost"},{$set:{$inc:{likes:2}}});
WriteResult({
	"nMatched" : 0,
	"nUpserted" : 0,
	"nModified" : 0,
	"writeError" : {
		"code" : 52,
		"errmsg" : "The dollar ($) prefixed field '$inc' in '$inc' is not valid for storage."
	}
})
> db.post.update({title:"BlogPost"},{$inc:{likes:2}});
WriteResult({ "nMatched" : 1, "nUpserted" : 0, "nModified" : 1 })
> db.post.find().pretty();
{
	"_id" : ObjectId("55b86a6eb406814d0d61c6e3"),
	"title" : "BlogPost",
	"description" : "Blog Page",
	"by" : "naval",
	"url" : "blogpost.com/naval",
	"tags" : [
		"Mongo",
		"database",
		"NoSql"
	],
	"likes" : 205,
	"comments" : [
		{
			"user1" : "naval",
			"msg" : "good post",
			"date" : ISODate("2015-08-29T00:30:00Z"),
			"likes" : 1
		}
	],
	"hits" : 3
}
{ "_id" : ObjectId("55b86be6b406814d0d61c6e4"), "likes" : 200 }
{
	"_id" : ObjectId("55b870f8b406814d0d61c6e5"),
	"title" : "BlogPost",
	"description" : "Blog Page",
	"by" : "malay",
	"url" : "blogpost.com/malay",
	"tags" : [
		"Mongo1",
		"database",
		"NoSql",
		"PL1",
		"TE"
	],
	"likes" : 204,
	"comments" : [
		{
			"user1" : "varun",
			"msg" : "nice post",
			"date" : ISODate("2015-08-29T00:30:00Z"),
			"likes" : 4
		},
		{
			"user2" : "karan",
			"msg" : "best post",
			"date" : ISODate("2015-08-29T00:30:00Z"),
			"likes" : 11
		}
	]
}
{
	"_id" : ObjectId("55b87a1f188abed287ad71fe"),
	"title" : "new",
	"likes" : 3
}
> db.post.update({by:"malay"},{$inc:{likes:2}});
WriteResult({ "nMatched" : 1, "nUpserted" : 0, "nModified" : 1 })
> db.post.find().pretty();
{
	"_id" : ObjectId("55b86a6eb406814d0d61c6e3"),
	"title" : "BlogPost",
	"description" : "Blog Page",
	"by" : "naval",
	"url" : "blogpost.com/naval",
	"tags" : [
		"Mongo",
		"database",
		"NoSql"
	],
	"likes" : 205,
	"comments" : [
		{
			"user1" : "naval",
			"msg" : "good post",
			"date" : ISODate("2015-08-29T00:30:00Z"),
			"likes" : 1
		}
	],
	"hits" : 3
}
{ "_id" : ObjectId("55b86be6b406814d0d61c6e4"), "likes" : 200 }
{
	"_id" : ObjectId("55b870f8b406814d0d61c6e5"),
	"title" : "BlogPost",
	"description" : "Blog Page",
	"by" : "malay",
	"url" : "blogpost.com/malay",
	"tags" : [
		"Mongo1",
		"database",
		"NoSql",
		"PL1",
		"TE"
	],
	"likes" : 206,
	"comments" : [
		{
			"user1" : "varun",
			"msg" : "nice post",
			"date" : ISODate("2015-08-29T00:30:00Z"),
			"likes" : 4
		},
		{
			"user2" : "karan",
			"msg" : "best post",
			"date" : ISODate("2015-08-29T00:30:00Z"),
			"likes" : 11
		}
	]
}
{
	"_id" : ObjectId("55b87a1f188abed287ad71fe"),
	"title" : "new",
	"likes" : 3
}
> 

